Performing system checks...

System check identified no issues (0 silenced).
September 25, 2026 - 10:23:03
Django version 6.1.1, using settings 'config.settings'
Starting WSGI development server at http://127.0.0.1:8001/
Quit the server with CTRL-BREAK.

WARNING: This is a development server. Do not use it in a production setting. Use a production WSGI or ASGI server instead.
For more information on production servers see: https://docs.djangoproject.com/en/6.1/howto/deployment/
Performing system checks...

System check identified no issues (0 silenced).
September 25, 2026 - 10:23:30
Django version 6.1.1, using settings 'config.settings'
Starting WSGI development server at http://127.0.0.1:8001/
Quit the server with CTRL-BREAK.

WARNING: This is a development server. Do not use it in a production setting. Use a production WSGI or ASGI server instead.
For more information on production servers see: https://docs.djangoproject.com/en/6.1/howto/deployment/
Performing system checks...

System check identified no issues (0 silenced).
September 25, 2026 - 10:23:42
Django version 6.1.1, using settings 'config.settings'
Starting WSGI development server at http://127.0.0.1:8001/
Quit the server with CTRL-BREAK.

WARNING: This is a development server. Do not use it in a production setting. Use a production WSGI or ASGI server instead.
For more information on production servers see: https://docs.djangoproject.com/en/6.1/howto/deployment/
Performing system checks...

System check identified no issues (0 silenced).
September 25, 2026 - 11:31:39
Django version 6.1.1, using settings 'config.settings'
Starting WSGI development server at http://127.0.0.1:8001/
Quit the server with CTRL-BREAK.

WARNING: This is a development server. Do not use it in a production setting. Use a production WSGI or ASGI server instead.
For more information on production servers see: https://docs.djangoproject.com/en/6.1/howto/deployment/
